// Jest Snapshot v1, https://goo.gl/fbAQLP

exports[`Label renders the component 1`] = `
<label
  class="Label"
  for="default-label"
>
  Default label
</label>
`;
