// Jest Snapshot v1, https://goo.gl/fbAQLP

exports[`Datepicker renders the component 1`] = `
<div
  class="Datepicker"
>
  <div
    class="FormField"
  >
    <label
      class="Label"
      for="datepicker"
    >
      Select a date
    </label>
    <div
      class="FormField"
    >
      <input
        class="FormField-input"
        id="datepicker"
        readonly=""
        type="text"
        value=""
      />
    </div>
  </div>
  <div
    class="Popover false"
  >
    <div
      class="Calendar"
    >
      <div
        class="Calendar-topBar"
      >
        <span
          class="Calendar-arrow Calendar-arrow--left"
        >
          <svg
            class="Icon"
            enable-background="new 0 0 24 24"
            viewBox="0 0 24 24"
            xmlns="http://www.w3.org/2000/svg"
          >
            <path
              d="M15.5 20.4L7.1 12l8.4-8.4L16.9 5l-7 7 7 7z"
            />
          </svg>
        </span>
        <span
          class="Calendar-month"
        >
          January
           / 
          2020
        </span>
        <span
          class="Calendar-arrow Calendar-arrow--right"
        >
          <svg
            class="Icon"
            enable-background="new 0 0 24 24"
            viewBox="0 0 24 24"
            xmlns="http://www.w3.org/2000/svg"
          >
            <path
              d="M8.5 20.4l8.4-8.4-8.4-8.4L7.1 5l7 7-7 7z"
            />
          </svg>
        </span>
      </div>
      <div
        class="Calendar-days"
      >
        <div
          class="Calendar-dayWeeks"
        >
          Sun
        </div>
        <div
          class="Calendar-dayWeeks"
        >
          Mon
        </div>
        <div
          class="Calendar-dayWeeks"
        >
          Tue
        </div>
        <div
          class="Calendar-dayWeeks"
        >
          Wed
        </div>
        <div
          class="Calendar-dayWeeks"
        >
          Thu
        </div>
        <div
          class="Calendar-dayWeeks"
        >
          Fri
        </div>
        <div
          class="Calendar-dayWeeks"
        >
          Sat
        </div>
        <div
          class="Calendar-day Calendar-day--prev false"
          title="2019-12-29"
        >
          29
        </div>
        <div
          class="Calendar-day Calendar-day--prev false"
          title="2019-12-30"
        >
          30
        </div>
        <div
          class="Calendar-day Calendar-day--prev false"
          title="2019-12-31"
        >
          31
        </div>
        <div
          class="Calendar-day Calendar-day--actual false"
          title="2020-01-01"
        >
          1
        </div>
        <div
          class="Calendar-day Calendar-day--actual false"
          title="2020-01-02"
        >
          2
        </div>
        <div
          class="Calendar-day Calendar-day--actual false"
          title="2020-01-03"
        >
          3
        </div>
        <div
          class="Calendar-day Calendar-day--actual false"
          title="2020-01-04"
        >
          4
        </div>
        <div
          class="Calendar-day Calendar-day--actual false"
          title="2020-01-05"
        >
          5
        </div>
        <div
          class="Calendar-day Calendar-day--actual false"
          title="2020-01-06"
        >
          6
        </div>
        <div
          class="Calendar-day Calendar-day--actual false"
          title="2020-01-07"
        >
          7
        </div>
        <div
          class="Calendar-day Calendar-day--actual false"
          title="2020-01-08"
        >
          8
        </div>
        <div
          class="Calendar-day Calendar-day--actual false"
          title="2020-01-09"
        >
          9
        </div>
        <div
          class="Calendar-day Calendar-day--actual false"
          title="2020-01-10"
        >
          10
        </div>
        <div
          class="Calendar-day Calendar-day--actual false"
          title="2020-01-11"
        >
          11
        </div>
        <div
          class="Calendar-day Calendar-day--actual false"
          title="2020-01-12"
        >
          12
        </div>
        <div
          class="Calendar-day Calendar-day--actual false"
          title="2020-01-13"
        >
          13
        </div>
        <div
          class="Calendar-day Calendar-day--actual false"
          title="2020-01-14"
        >
          14
        </div>
        <div
          class="Calendar-day Calendar-day--actual false"
          title="2020-01-15"
        >
          15
        </div>
        <div
          class="Calendar-day Calendar-day--actual false"
          title="2020-01-16"
        >
          16
        </div>
        <div
          class="Calendar-day Calendar-day--actual false"
          title="2020-01-17"
        >
          17
        </div>
        <div
          class="Calendar-day Calendar-day--actual false"
          title="2020-01-18"
        >
          18
        </div>
        <div
          class="Calendar-day Calendar-day--actual false"
          title="2020-01-19"
        >
          19
        </div>
        <div
          class="Calendar-day Calendar-day--actual false"
          title="2020-01-20"
        >
          20
        </div>
        <div
          class="Calendar-day Calendar-day--actual false"
          title="2020-01-21"
        >
          21
        </div>
        <div
          class="Calendar-day Calendar-day--actual false"
          title="2020-01-22"
        >
          22
        </div>
        <div
          class="Calendar-day Calendar-day--actual false"
          title="2020-01-23"
        >
          23
        </div>
        <div
          class="Calendar-day Calendar-day--actual false"
          title="2020-01-24"
        >
          24
        </div>
        <div
          class="Calendar-day Calendar-day--actual false"
          title="2020-01-25"
        >
          25
        </div>
        <div
          class="Calendar-day Calendar-day--actual false"
          title="2020-01-26"
        >
          26
        </div>
        <div
          class="Calendar-day Calendar-day--actual false"
          title="2020-01-27"
        >
          27
        </div>
        <div
          class="Calendar-day Calendar-day--actual false"
          title="2020-01-28"
        >
          28
        </div>
        <div
          class="Calendar-day Calendar-day--actual false"
          title="2020-01-29"
        >
          29
        </div>
        <div
          class="Calendar-day Calendar-day--actual false"
          title="2020-01-30"
        >
          30
        </div>
        <div
          class="Calendar-day Calendar-day--actual false"
          title="2020-01-31"
        >
          31
        </div>
        <div
          class="Calendar-day Calendar-day--next false"
          title="2020-02-01"
        >
          1
        </div>
        <div
          class="Calendar-day Calendar-day--next false"
          title="2020-02-02"
        >
          2
        </div>
        <div
          class="Calendar-day Calendar-day--next false"
          title="2020-02-03"
        >
          3
        </div>
        <div
          class="Calendar-day Calendar-day--next false"
          title="2020-02-04"
        >
          4
        </div>
        <div
          class="Calendar-day Calendar-day--next false"
          title="2020-02-05"
        >
          5
        </div>
        <div
          class="Calendar-day Calendar-day--next false"
          title="2020-02-06"
        >
          6
        </div>
        <div
          class="Calendar-day Calendar-day--next false"
          title="2020-02-07"
        >
          7
        </div>
        <div
          class="Calendar-day Calendar-day--next false"
          title="2020-02-08"
        >
          8
        </div>
      </div>
    </div>
  </div>
</div>
`;
