// Jest Snapshot v1, https://goo.gl/fbAQLP

exports[`Input renders the component 1`] = `
<div
  class="FormField"
>
  <input
    class="FormField-input"
  />
</div>
`;
